---
http_interactions:
- request:
    method: get
    uri: https://api.openweathermap.org/data/2.5/onecall?appid=<DONT_EXPOSE_MY_DATA>&exclude=alerts,minutely&lat=45.456&lon
    body:
      encoding: US-ASCII
      string: ''
    headers:
      User-Agent:
      - Faraday v0.17.3
      Accept-Encoding:
      - gzip;q=1.0,deflate;q=0.6,identity;q=0.3
      Accept:
      - "*/*"
  response:
    status:
      code: 400
      message: Bad Request
    headers:
      Server:
      - openresty
      Date:
      - Sat, 16 Jan 2021 21:53:13 GMT
      Content-Type:
      - application/json; charset=utf-8
      Content-Length:
      - '44'
      Connection:
      - keep-alive
      X-Cache-Key:
      - "/data/2.5/onecall?exclude=alerts%2Cminutely&lat=45.46&lon="
      Access-Control-Allow-Origin:
      - "*"
      Access-Control-Allow-Credentials:
      - 'true'
      Access-Control-Allow-Methods:
      - GET, POST
    body:
      encoding: UTF-8
      string: '{"cod":"400","message":"Nothing to geocode"}'
  recorded_at: Sat, 16 Jan 2021 21:53:13 GMT
- request:
    method: get
    uri: https://api.openweathermap.org/data/2.5/onecall?appid=<DONT_EXPOSE_MY_DATA>&exclude=alerts,minutely&lat=45.456&lon
    body:
      encoding: US-ASCII
      string: ''
    headers:
      User-Agent:
      - Faraday v0.17.3
      Accept-Encoding:
      - gzip;q=1.0,deflate;q=0.6,identity;q=0.3
      Accept:
      - "*/*"
  response:
    status:
      code: 400
      message: Bad Request
    headers:
      Server:
      - openresty
      Date:
      - Sat, 16 Jan 2021 21:59:43 GMT
      Content-Type:
      - application/json; charset=utf-8
      Content-Length:
      - '44'
      Connection:
      - keep-alive
      X-Cache-Key:
      - "/data/2.5/onecall?exclude=alerts%2Cminutely&lat=45.46&lon="
      Access-Control-Allow-Origin:
      - "*"
      Access-Control-Allow-Credentials:
      - 'true'
      Access-Control-Allow-Methods:
      - GET, POST
    body:
      encoding: UTF-8
      string: '{"cod":"400","message":"Nothing to geocode"}'
  recorded_at: Sat, 16 Jan 2021 21:59:43 GMT
- request:
    method: get
    uri: https://api.openweathermap.org/data/2.5/onecall?appid=<DONT_EXPOSE_MY_DATA>&exclude=alerts,minutely&lat=45.456&lon
    body:
      encoding: US-ASCII
      string: ''
    headers:
      User-Agent:
      - Faraday v0.17.3
      Accept-Encoding:
      - gzip;q=1.0,deflate;q=0.6,identity;q=0.3
      Accept:
      - "*/*"
  response:
    status:
      code: 400
      message: Bad Request
    headers:
      Server:
      - openresty
      Date:
      - Sat, 16 Jan 2021 22:03:07 GMT
      Content-Type:
      - application/json; charset=utf-8
      Content-Length:
      - '44'
      Connection:
      - keep-alive
      X-Cache-Key:
      - "/data/2.5/onecall?exclude=alerts%2Cminutely&lat=45.46&lon="
      Access-Control-Allow-Origin:
      - "*"
      Access-Control-Allow-Credentials:
      - 'true'
      Access-Control-Allow-Methods:
      - GET, POST
    body:
      encoding: UTF-8
      string: '{"cod":"400","message":"Nothing to geocode"}'
  recorded_at: Sat, 16 Jan 2021 22:03:07 GMT
- request:
    method: get
    uri: https://api.openweathermap.org/data/2.5/onecall?appid=<DONT_EXPOSE_MY_DATA>&exclude=alerts,minutely&lat=45.456&lon
    body:
      encoding: US-ASCII
      string: ''
    headers:
      User-Agent:
      - Faraday v0.17.3
      Accept-Encoding:
      - gzip;q=1.0,deflate;q=0.6,identity;q=0.3
      Accept:
      - "*/*"
  response:
    status:
      code: 400
      message: Bad Request
    headers:
      Server:
      - openresty
      Date:
      - Sat, 16 Jan 2021 22:18:03 GMT
      Content-Type:
      - application/json; charset=utf-8
      Content-Length:
      - '44'
      Connection:
      - keep-alive
      X-Cache-Key:
      - "/data/2.5/onecall?exclude=alerts%2Cminutely&lat=45.46&lon="
      Access-Control-Allow-Origin:
      - "*"
      Access-Control-Allow-Credentials:
      - 'true'
      Access-Control-Allow-Methods:
      - GET, POST
    body:
      encoding: UTF-8
      string: '{"cod":"400","message":"Nothing to geocode"}'
  recorded_at: Sat, 16 Jan 2021 22:18:03 GMT
- request:
    method: get
    uri: https://api.openweathermap.org/data/2.5/onecall?appid=<DONT_EXPOSE_MY_DATA>&exclude=alerts,minutely&lat=45.456&lon
    body:
      encoding: US-ASCII
      string: ''
    headers:
      User-Agent:
      - Faraday v0.17.3
      Accept-Encoding:
      - gzip;q=1.0,deflate;q=0.6,identity;q=0.3
      Accept:
      - "*/*"
  response:
    status:
      code: 400
      message: Bad Request
    headers:
      Server:
      - openresty
      Date:
      - Sun, 17 Jan 2021 02:19:31 GMT
      Content-Type:
      - application/json; charset=utf-8
      Content-Length:
      - '44'
      Connection:
      - keep-alive
      X-Cache-Key:
      - "/data/2.5/onecall?exclude=alerts%2Cminutely&lat=45.46&lon="
      Access-Control-Allow-Origin:
      - "*"
      Access-Control-Allow-Credentials:
      - 'true'
      Access-Control-Allow-Methods:
      - GET, POST
    body:
      encoding: UTF-8
      string: '{"cod":"400","message":"Nothing to geocode"}'
  recorded_at: Sun, 17 Jan 2021 02:19:31 GMT
- request:
    method: get
    uri: https://api.openweathermap.org/data/2.5/onecall?appid=<DONT_EXPOSE_MY_DATA>&exclude=alerts,minutely&lat=45.456&lon
    body:
      encoding: US-ASCII
      string: ''
    headers:
      User-Agent:
      - Faraday v0.17.3
      Accept-Encoding:
      - gzip;q=1.0,deflate;q=0.6,identity;q=0.3
      Accept:
      - "*/*"
  response:
    status:
      code: 400
      message: Bad Request
    headers:
      Server:
      - openresty
      Date:
      - Sun, 17 Jan 2021 02:20:04 GMT
      Content-Type:
      - application/json; charset=utf-8
      Content-Length:
      - '44'
      Connection:
      - keep-alive
      X-Cache-Key:
      - "/data/2.5/onecall?exclude=alerts%2Cminutely&lat=45.46&lon="
      Access-Control-Allow-Origin:
      - "*"
      Access-Control-Allow-Credentials:
      - 'true'
      Access-Control-Allow-Methods:
      - GET, POST
    body:
      encoding: UTF-8
      string: '{"cod":"400","message":"Nothing to geocode"}'
  recorded_at: Sun, 17 Jan 2021 02:20:04 GMT
- request:
    method: get
    uri: https://api.openweathermap.org/data/2.5/onecall?appid=<DONT_EXPOSE_MY_DATA>&exclude=alerts,minutely&lat=45.456&lon
    body:
      encoding: US-ASCII
      string: ''
    headers:
      User-Agent:
      - Faraday v0.17.3
      Accept-Encoding:
      - gzip;q=1.0,deflate;q=0.6,identity;q=0.3
      Accept:
      - "*/*"
  response:
    status:
      code: 400
      message: Bad Request
    headers:
      Server:
      - openresty
      Date:
      - Sun, 17 Jan 2021 02:20:22 GMT
      Content-Type:
      - application/json; charset=utf-8
      Content-Length:
      - '44'
      Connection:
      - keep-alive
      X-Cache-Key:
      - "/data/2.5/onecall?exclude=alerts%2Cminutely&lat=45.46&lon="
      Access-Control-Allow-Origin:
      - "*"
      Access-Control-Allow-Credentials:
      - 'true'
      Access-Control-Allow-Methods:
      - GET, POST
    body:
      encoding: UTF-8
      string: '{"cod":"400","message":"Nothing to geocode"}'
  recorded_at: Sun, 17 Jan 2021 02:20:22 GMT
- request:
    method: get
    uri: https://api.openweathermap.org/data/2.5/onecall?appid=<DONT_EXPOSE_MY_DATA>&exclude=alerts,minutely&lat=45.456&lon
    body:
      encoding: US-ASCII
      string: ''
    headers:
      User-Agent:
      - Faraday v0.17.3
      Accept-Encoding:
      - gzip;q=1.0,deflate;q=0.6,identity;q=0.3
      Accept:
      - "*/*"
  response:
    status:
      code: 400
      message: Bad Request
    headers:
      Server:
      - openresty
      Date:
      - Sun, 17 Jan 2021 02:40:11 GMT
      Content-Type:
      - application/json; charset=utf-8
      Content-Length:
      - '44'
      Connection:
      - keep-alive
      X-Cache-Key:
      - "/data/2.5/onecall?exclude=alerts%2Cminutely&lat=45.46&lon="
      Access-Control-Allow-Origin:
      - "*"
      Access-Control-Allow-Credentials:
      - 'true'
      Access-Control-Allow-Methods:
      - GET, POST
    body:
      encoding: UTF-8
      string: '{"cod":"400","message":"Nothing to geocode"}'
  recorded_at: Sun, 17 Jan 2021 02:40:11 GMT
- request:
    method: get
    uri: https://api.openweathermap.org/data/2.5/onecall?appid=<DONT_EXPOSE_MY_DATA>&exclude=alerts,minutely&lat=45.456&lon
    body:
      encoding: US-ASCII
      string: ''
    headers:
      User-Agent:
      - Faraday v0.17.3
      Accept-Encoding:
      - gzip;q=1.0,deflate;q=0.6,identity;q=0.3
      Accept:
      - "*/*"
  response:
    status:
      code: 400
      message: Bad Request
    headers:
      Server:
      - openresty
      Date:
      - Sun, 17 Jan 2021 03:31:34 GMT
      Content-Type:
      - application/json; charset=utf-8
      Content-Length:
      - '44'
      Connection:
      - keep-alive
      X-Cache-Key:
      - "/data/2.5/onecall?exclude=alerts%2Cminutely&lat=45.46&lon="
      Access-Control-Allow-Origin:
      - "*"
      Access-Control-Allow-Credentials:
      - 'true'
      Access-Control-Allow-Methods:
      - GET, POST
    body:
      encoding: UTF-8
      string: '{"cod":"400","message":"Nothing to geocode"}'
  recorded_at: Sun, 17 Jan 2021 03:31:34 GMT
- request:
    method: get
    uri: https://api.openweathermap.org/data/2.5/onecall?appid=<DONT_EXPOSE_MY_DATA>&exclude=alerts,minutely&lat=45.456&lon
    body:
      encoding: US-ASCII
      string: ''
    headers:
      User-Agent:
      - Faraday v0.17.3
      Accept-Encoding:
      - gzip;q=1.0,deflate;q=0.6,identity;q=0.3
      Accept:
      - "*/*"
  response:
    status:
      code: 400
      message: Bad Request
    headers:
      Server:
      - openresty
      Date:
      - Sun, 17 Jan 2021 16:02:19 GMT
      Content-Type:
      - application/json; charset=utf-8
      Content-Length:
      - '44'
      Connection:
      - keep-alive
      X-Cache-Key:
      - "/data/2.5/onecall?exclude=alerts%2Cminutely&lat=45.46&lon="
      Access-Control-Allow-Origin:
      - "*"
      Access-Control-Allow-Credentials:
      - 'true'
      Access-Control-Allow-Methods:
      - GET, POST
    body:
      encoding: UTF-8
      string: '{"cod":"400","message":"Nothing to geocode"}'
  recorded_at: Sun, 17 Jan 2021 16:02:19 GMT
- request:
    method: get
    uri: https://api.openweathermap.org/data/2.5/onecall?appid=<DONT_EXPOSE_MY_DATA>&exclude=alerts,minutely&lat=45.456&lon
    body:
      encoding: US-ASCII
      string: ''
    headers:
      User-Agent:
      - Faraday v0.17.3
      Accept-Encoding:
      - gzip;q=1.0,deflate;q=0.6,identity;q=0.3
      Accept:
      - "*/*"
  response:
    status:
      code: 400
      message: Bad Request
    headers:
      Server:
      - openresty
      Date:
      - Sun, 17 Jan 2021 16:03:46 GMT
      Content-Type:
      - application/json; charset=utf-8
      Content-Length:
      - '44'
      Connection:
      - keep-alive
      X-Cache-Key:
      - "/data/2.5/onecall?exclude=alerts%2Cminutely&lat=45.46&lon="
      Access-Control-Allow-Origin:
      - "*"
      Access-Control-Allow-Credentials:
      - 'true'
      Access-Control-Allow-Methods:
      - GET, POST
    body:
      encoding: UTF-8
      string: '{"cod":"400","message":"Nothing to geocode"}'
  recorded_at: Sun, 17 Jan 2021 16:03:46 GMT
- request:
    method: get
    uri: https://api.openweathermap.org/data/2.5/onecall?appid=<DONT_EXPOSE_MY_DATA>&exclude=alerts,minutely&lat=45.456&lon
    body:
      encoding: US-ASCII
      string: ''
    headers:
      User-Agent:
      - Faraday v0.17.3
      Accept-Encoding:
      - gzip;q=1.0,deflate;q=0.6,identity;q=0.3
      Accept:
      - "*/*"
  response:
    status:
      code: 400
      message: Bad Request
    headers:
      Server:
      - openresty
      Date:
      - Sun, 17 Jan 2021 16:04:04 GMT
      Content-Type:
      - application/json; charset=utf-8
      Content-Length:
      - '44'
      Connection:
      - keep-alive
      X-Cache-Key:
      - "/data/2.5/onecall?exclude=alerts%2Cminutely&lat=45.46&lon="
      Access-Control-Allow-Origin:
      - "*"
      Access-Control-Allow-Credentials:
      - 'true'
      Access-Control-Allow-Methods:
      - GET, POST
    body:
      encoding: UTF-8
      string: '{"cod":"400","message":"Nothing to geocode"}'
  recorded_at: Sun, 17 Jan 2021 16:04:04 GMT
- request:
    method: get
    uri: https://api.openweathermap.org/data/2.5/onecall?appid=<DONT_EXPOSE_MY_DATA>&exclude=alerts,minutely&lat=45.456&lon
    body:
      encoding: US-ASCII
      string: ''
    headers:
      User-Agent:
      - Faraday v0.17.3
      Accept-Encoding:
      - gzip;q=1.0,deflate;q=0.6,identity;q=0.3
      Accept:
      - "*/*"
  response:
    status:
      code: 400
      message: Bad Request
    headers:
      Server:
      - openresty
      Date:
      - Sun, 17 Jan 2021 16:04:18 GMT
      Content-Type:
      - application/json; charset=utf-8
      Content-Length:
      - '44'
      Connection:
      - keep-alive
      X-Cache-Key:
      - "/data/2.5/onecall?exclude=alerts%2Cminutely&lat=45.46&lon="
      Access-Control-Allow-Origin:
      - "*"
      Access-Control-Allow-Credentials:
      - 'true'
      Access-Control-Allow-Methods:
      - GET, POST
    body:
      encoding: UTF-8
      string: '{"cod":"400","message":"Nothing to geocode"}'
  recorded_at: Sun, 17 Jan 2021 16:04:18 GMT
- request:
    method: get
    uri: https://api.openweathermap.org/data/2.5/onecall?appid=<DONT_EXPOSE_MY_DATA>&exclude=alerts,minutely&lat=45.456&lon
    body:
      encoding: US-ASCII
      string: ''
    headers:
      User-Agent:
      - Faraday v0.17.3
      Accept-Encoding:
      - gzip;q=1.0,deflate;q=0.6,identity;q=0.3
      Accept:
      - "*/*"
  response:
    status:
      code: 400
      message: Bad Request
    headers:
      Server:
      - openresty
      Date:
      - Sun, 17 Jan 2021 16:05:07 GMT
      Content-Type:
      - application/json; charset=utf-8
      Content-Length:
      - '44'
      Connection:
      - keep-alive
      X-Cache-Key:
      - "/data/2.5/onecall?exclude=alerts%2Cminutely&lat=45.46&lon="
      Access-Control-Allow-Origin:
      - "*"
      Access-Control-Allow-Credentials:
      - 'true'
      Access-Control-Allow-Methods:
      - GET, POST
    body:
      encoding: UTF-8
      string: '{"cod":"400","message":"Nothing to geocode"}'
  recorded_at: Sun, 17 Jan 2021 16:05:07 GMT
- request:
    method: get
    uri: https://api.openweathermap.org/data/2.5/onecall?appid=<DONT_EXPOSE_MY_DATA>&exclude=alerts,minutely&lat=45.456&lon
    body:
      encoding: US-ASCII
      string: ''
    headers:
      User-Agent:
      - Faraday v0.17.3
      Accept-Encoding:
      - gzip;q=1.0,deflate;q=0.6,identity;q=0.3
      Accept:
      - "*/*"
  response:
    status:
      code: 400
      message: Bad Request
    headers:
      Server:
      - openresty
      Date:
      - Sun, 17 Jan 2021 16:05:26 GMT
      Content-Type:
      - application/json; charset=utf-8
      Content-Length:
      - '44'
      Connection:
      - keep-alive
      X-Cache-Key:
      - "/data/2.5/onecall?exclude=alerts%2Cminutely&lat=45.46&lon="
      Access-Control-Allow-Origin:
      - "*"
      Access-Control-Allow-Credentials:
      - 'true'
      Access-Control-Allow-Methods:
      - GET, POST
    body:
      encoding: UTF-8
      string: '{"cod":"400","message":"Nothing to geocode"}'
  recorded_at: Sun, 17 Jan 2021 16:05:26 GMT
- request:
    method: get
    uri: https://api.openweathermap.org/data/2.5/onecall?appid=<DONT_EXPOSE_MY_DATA>&exclude=alerts,minutely&lat=45.456&lon
    body:
      encoding: US-ASCII
      string: ''
    headers:
      User-Agent:
      - Faraday v0.17.3
      Accept-Encoding:
      - gzip;q=1.0,deflate;q=0.6,identity;q=0.3
      Accept:
      - "*/*"
  response:
    status:
      code: 400
      message: Bad Request
    headers:
      Server:
      - openresty
      Date:
      - Sun, 17 Jan 2021 16:05:38 GMT
      Content-Type:
      - application/json; charset=utf-8
      Content-Length:
      - '44'
      Connection:
      - keep-alive
      X-Cache-Key:
      - "/data/2.5/onecall?exclude=alerts%2Cminutely&lat=45.46&lon="
      Access-Control-Allow-Origin:
      - "*"
      Access-Control-Allow-Credentials:
      - 'true'
      Access-Control-Allow-Methods:
      - GET, POST
    body:
      encoding: UTF-8
      string: '{"cod":"400","message":"Nothing to geocode"}'
  recorded_at: Sun, 17 Jan 2021 16:05:38 GMT
recorded_with: VCR 6.0.0
